// Jest Snapshot v1, https://goo.gl/fbAQLP

exports[`<ErrorMessage /> renders correctly 1`] = `
<div>
  <div
    class="makeStyles-content-1"
  >
    <svg
      aria-hidden="true"
      class="MuiSvgIcon-root MuiSvgIcon-colorError"
      focusable="false"
      viewBox="0 0 24 24"
    >
      <path
        d="M1 21h22L12 2 1 21zm12-3h-2v-2h2v2zm0-4h-2v-4h2v4z"
      />
    </svg>
    <p
      class="MuiTypography-root MuiTypography-body2"
    >
      <span>
        Test Error
      </span>
    </p>
  </div>
</div>
`;
